---
source: src/composer/resolve.rs
expression: submission
input_file: src/composer/stubs/submission_nested_sequence_1.yaml
---
Submission(
  id: "[id]",
  config: SubmissionConfig(
    id: "[id]",
    steps: {
      "one": {
        "status": "pending",
      },
      "two": {
        "status": "pending",
        "steps": {
          "two-one": {
            "status": "pending",
          },
          "two-two": {
            "status": "pending",
          },
        },
      },
      "three": {
        "status": "pending",
      },
    },
  ),
  root: RootTaskNode(
    id: "[id]",
    tasks: [
      TaskNode(
        id: "[id]",
        children: [
          TaskNode(
            id: "[id]",
            children: [
              TaskNode(
                id: "[id]",
                children: [],
                ext: ActionNoopConfig(
                  action: "seele/noop@1",
                  test: 3,
                ),
              ),
            ],
            ext: [
              TaskNode(
                id: "[id]",
                children: [
                  TaskNode(
                    id: "[id]",
                    children: [],
                    ext: ActionNoopConfig(
                      action: "seele/noop@1",
                      test: 22,
                    ),
                  ),
                ],
                ext: ActionNoopConfig(
                  action: "seele/noop@1",
                  test: 21,
                ),
              ),
            ],
          ),
        ],
        ext: ActionNoopConfig(
          action: "seele/noop@1",
          test: 1,
        ),
      ),
    ],
  ),
)
