---
source: src/composer/resolve.rs
expression: submission
input_file: src/composer/stubs/submission_complex_1.yaml
---
Submission(
  id: "[id]",
  config: SubmissionConfig(
    id: "[id]",
    steps: {
      "prepare_sources": {
        "status": "pending",
      },
      "compile": {
        "status": "pending",
        "parallel": [
          {
            "status": "pending",
          },
          {
            "status": "pending",
          },
        ],
      },
      "standard": {
        "status": "pending",
        "parallel": [
          {
            "status": "pending",
            "steps": {
              "prepare": {
                "status": "pending",
              },
              "run": {
                "status": "pending",
              },
              "compare": {
                "status": "pending",
              },
            },
          },
        ],
      },
    },
  ),
  root: RootTaskNode(
    id: "[id]",
    tasks: [
      TaskNode(
        id: "[id]",
        children: [
          TaskNode(
            id: "[id]",
            children: [
              TaskNode(
                id: "[id]",
                children: [],
                ext: [
                  TaskNode(
                    id: "[id]",
                    children: [],
                    ext: [
                      TaskNode(
                        id: "[id]",
                        children: [
                          TaskNode(
                            id: "[id]",
                            children: [
                              TaskNode(
                                id: "[id]",
                                children: [],
                                ext: ActionNoopConfig(
                                  action: "seele/noop@1",
                                  test: 303,
                                ),
                              ),
                            ],
                            ext: ActionNoopConfig(
                              action: "seele/noop@1",
                              test: 302,
                            ),
                          ),
                        ],
                        ext: ActionNoopConfig(
                          action: "seele/noop@1",
                          test: 301,
                        ),
                      ),
                    ],
                  ),
                ],
              ),
            ],
            ext: [
              TaskNode(
                id: "[id]",
                children: [],
                ext: ActionNoopConfig(
                  action: "seele/noop@1",
                  test: 201,
                ),
              ),
              TaskNode(
                id: "[id]",
                children: [],
                ext: ActionNoopConfig(
                  action: "seele/noop@1",
                  test: 202,
                ),
              ),
            ],
          ),
        ],
        ext: ActionNoopConfig(
          action: "seele/noop@1",
          test: 1,
        ),
      ),
    ],
  ),
)
