---
source: src/composer/resolve.rs
expression: submission
input_file: src/composer/stubs/submission_simple.yaml
---
Submission(
  id: "[id]",
  config: SubmissionConfig(
    id: "[id]",
    steps: {
      "one": {
        "status": "pending",
      },
      "two": {
        "status": "pending",
      },
      "three": {
        "status": "pending",
      },
    },
  ),
  root: RootTaskNode(
    id: "[id]",
    tasks: [
      TaskNode(
        id: "[id]",
        children: [
          TaskNode(
            id: "[id]",
            children: [
              TaskNode(
                id: "[id]",
                children: [],
                extra: ActionNoopConfig(
                  action: "seele/noop@1",
                  test: 3,
                ),
              ),
            ],
            extra: ActionNoopConfig(
              action: "seele/noop@1",
              test: 2,
            ),
          ),
        ],
        extra: ActionNoopConfig(
          action: "seele/noop@1",
          test: 1,
        ),
      ),
    ],
  ),
)
