---
source: src/composer/resolve.rs
expression: submission
input_file: src/composer/tests/submission_complex_1.yaml
---
Submission(
  id: "complex_1",
  root_directory: "test",
  config: SubmissionConfig(
    id: "complex_1",
    tracing_attribute: None,
    steps: {
      "prepare_sources": {
        "tags": None,
        "status": "PENDING",
      },
      "compile": {
        "tags": None,
        "status": "PENDING",
        "parallel": [
          {
            "tags": None,
            "status": "PENDING",
          },
          {
            "tags": None,
            "status": "PENDING",
          },
        ],
      },
      "standard": {
        "tags": None,
        "status": "PENDING",
        "parallel": [
          {
            "tags": None,
            "status": "PENDING",
            "steps": {
              "prepare": {
                "tags": None,
                "status": "PENDING",
              },
              "run": {
                "tags": None,
                "status": "PENDING",
              },
              "compare": {
                "tags": None,
                "status": "PENDING",
              },
            },
          },
        ],
      },
    },
  ),
  root_node: RootTaskNode(
    tasks: [
      TaskNode(
        name: ".prepare_sources",
        children: [
          TaskNode(
            name: ".compile",
            children: [
              TaskNode(
                name: ".standard",
                children: [],
                ext: [
                  TaskNode(
                    name: ".standard.0",
                    children: [],
                    ext: [
                      TaskNode(
                        name: ".standard.0.prepare",
                        children: [
                          TaskNode(
                            name: ".standard.0.run",
                            children: [
                              TaskNode(
                                name: ".standard.0.compare",
                                children: [],
                                ext: Config(
                                  action: "seele/noop@1",
                                  test: 303,
                                ),
                              ),
                            ],
                            ext: Config(
                              action: "seele/noop@1",
                              test: 302,
                            ),
                          ),
                        ],
                        ext: Config(
                          action: "seele/noop@1",
                          test: 301,
                        ),
                      ),
                    ],
                  ),
                ],
              ),
            ],
            ext: [
              TaskNode(
                name: ".compile.0",
                children: [],
                ext: Config(
                  action: "seele/noop@1",
                  test: 201,
                ),
              ),
              TaskNode(
                name: ".compile.1",
                children: [],
                ext: Config(
                  action: "seele/noop@1",
                  test: 202,
                ),
              ),
            ],
          ),
        ],
        ext: Config(
          action: "seele/noop@1",
          test: 1,
        ),
      ),
    ],
  ),
)
